// Jest Snapshot v1, https://goo.gl/fbAQLP

exports[`StartNav.vue start.nav.mediaQueries doesn't display pic at media query below 992px (max-width: 768px) 1`] = `
<nav id="sideNav" class="navbar navbar-expand-lg navbar-dark bg-primary fixed-top"><a href="#about" class="navbar-brand js-scroll-trigger"><span class="d-block d-lg-none">Resume</span> <span id="pic" class="d-none d-lg-block"><img src="" alt="profile pic" class="img-fluid img-profile mx-auto mb-2"></span></a> <button type="button" data-toggle="collapse" data-target="#navbarSupportedContent" aria-controls="navbarSupportedContent" aria-expanded="false" aria-label="Toggle navigation" class="navbar-toggler"><span class="navbar-toggler-icon"></span></button>
  <div id="navbarSupportedContent" class="collapse navbar-collapse">
    <ul class="navbar-nav">
      <li class="nav-item"><a href="#about" class="nav-link js-scroll-trigger">About</a></li>
      <li class="nav-item"><a href="#skills" class="nav-link js-scroll-trigger">Skills</a></li>
      <li class="nav-item"><a href="#awards" class="nav-link js-scroll-trigger">Natural Languages</a></li>
      <li class="nav-item"><a href="#experience" class="nav-link js-scroll-trigger">Experience</a></li>
      <li class="nav-item"><a href="#education" class="nav-link js-scroll-trigger">Education</a></li>
      <li class="nav-item"><a href="#interests" class="nav-link js-scroll-trigger">Interests</a></li>
    </ul>
  </div>
</nav>
`;

exports[`StartNav.vue start.nav.mediaQueries doesn't display pic at media query below 992px (max-width: 768px) 2`] = `
<nav id="sideNav" class="navbar navbar-expand-lg navbar-dark bg-primary fixed-top"><a href="#about" class="navbar-brand js-scroll-trigger"><span class="d-block d-lg-none">Resume</span> <span id="pic" class="d-none d-lg-block"><img src="" alt="profile pic" class="img-fluid img-profile mx-auto mb-2"></span></a> <button type="button" data-toggle="collapse" data-target="#navbarSupportedContent" aria-controls="navbarSupportedContent" aria-expanded="false" aria-label="Toggle navigation" class="navbar-toggler"><span class="navbar-toggler-icon"></span></button>
  <div id="navbarSupportedContent" class="collapse navbar-collapse">
    <ul class="navbar-nav">
      <li class="nav-item"><a href="#about" class="nav-link js-scroll-trigger">About</a></li>
      <li class="nav-item"><a href="#skills" class="nav-link js-scroll-trigger">Skills</a></li>
      <li class="nav-item"><a href="#awards" class="nav-link js-scroll-trigger">Natural Languages</a></li>
      <li class="nav-item"><a href="#experience" class="nav-link js-scroll-trigger">Experience</a></li>
      <li class="nav-item"><a href="#education" class="nav-link js-scroll-trigger">Education</a></li>
      <li class="nav-item"><a href="#interests" class="nav-link js-scroll-trigger">Interests</a></li>
    </ul>
  </div>
</nav>
`;

exports[`StartNav.vue start.nav.mediaQueries doesn't display pic at media query below 992px (max-width: 768px) 3`] = `
<nav id="sideNav" class="navbar navbar-expand-lg navbar-dark bg-primary fixed-top"><a href="#about" class="navbar-brand js-scroll-trigger"><span class="d-block d-lg-none">Resume</span> <span id="pic" class="d-none d-lg-block"><img src="" alt="profile pic" class="img-fluid img-profile mx-auto mb-2"></span></a> <button type="button" data-toggle="collapse" data-target="#navbarSupportedContent" aria-controls="navbarSupportedContent" aria-expanded="false" aria-label="Toggle navigation" class="navbar-toggler"><span class="navbar-toggler-icon"></span></button>
  <div id="navbarSupportedContent" class="collapse navbar-collapse">
    <ul class="navbar-nav">
      <li class="nav-item"><a href="#about" class="nav-link js-scroll-trigger">About</a></li>
      <li class="nav-item"><a href="#skills" class="nav-link js-scroll-trigger">Skills</a></li>
      <li class="nav-item"><a href="#awards" class="nav-link js-scroll-trigger">Natural Languages</a></li>
      <li class="nav-item"><a href="#experience" class="nav-link js-scroll-trigger">Experience</a></li>
      <li class="nav-item"><a href="#education" class="nav-link js-scroll-trigger">Education</a></li>
      <li class="nav-item"><a href="#interests" class="nav-link js-scroll-trigger">Interests</a></li>
    </ul>
  </div>
</nav>
`;

exports[`StartNav.vue start.nav.mediaQueries doesn't display pic at media query below 992px (max-width: 992px) 1`] = `
<nav id="sideNav" class="navbar navbar-expand-lg navbar-dark bg-primary fixed-top"><a href="#about" class="navbar-brand js-scroll-trigger"><span class="d-block d-lg-none">Resume</span> <span id="pic" class="d-none d-lg-block"><img src="" alt="profile pic" class="img-fluid img-profile mx-auto mb-2"></span></a> <button type="button" data-toggle="collapse" data-target="#navbarSupportedContent" aria-controls="navbarSupportedContent" aria-expanded="false" aria-label="Toggle navigation" class="navbar-toggler"><span class="navbar-toggler-icon"></span></button>
  <div id="navbarSupportedContent" class="collapse navbar-collapse">
    <ul class="navbar-nav">
      <li class="nav-item"><a href="#about" class="nav-link js-scroll-trigger">About</a></li>
      <li class="nav-item"><a href="#skills" class="nav-link js-scroll-trigger">Skills</a></li>
      <li class="nav-item"><a href="#awards" class="nav-link js-scroll-trigger">Natural Languages</a></li>
      <li class="nav-item"><a href="#experience" class="nav-link js-scroll-trigger">Experience</a></li>
      <li class="nav-item"><a href="#education" class="nav-link js-scroll-trigger">Education</a></li>
      <li class="nav-item"><a href="#interests" class="nav-link js-scroll-trigger">Interests</a></li>
    </ul>
  </div>
</nav>
`;

exports[`StartNav.vue start.nav.mediaQueries doesn't display pic at media query below 992px (max-width: 992px) 2`] = `
<nav id="sideNav" class="navbar navbar-expand-lg navbar-dark bg-primary fixed-top"><a href="#about" class="navbar-brand js-scroll-trigger"><span class="d-block d-lg-none">Resume</span> <span id="pic" class="d-none d-lg-block"><img src="" alt="profile pic" class="img-fluid img-profile mx-auto mb-2"></span></a> <button type="button" data-toggle="collapse" data-target="#navbarSupportedContent" aria-controls="navbarSupportedContent" aria-expanded="false" aria-label="Toggle navigation" class="navbar-toggler"><span class="navbar-toggler-icon"></span></button>
  <div id="navbarSupportedContent" class="collapse navbar-collapse">
    <ul class="navbar-nav">
      <li class="nav-item"><a href="#about" class="nav-link js-scroll-trigger">About</a></li>
      <li class="nav-item"><a href="#skills" class="nav-link js-scroll-trigger">Skills</a></li>
      <li class="nav-item"><a href="#awards" class="nav-link js-scroll-trigger">Natural Languages</a></li>
      <li class="nav-item"><a href="#experience" class="nav-link js-scroll-trigger">Experience</a></li>
      <li class="nav-item"><a href="#education" class="nav-link js-scroll-trigger">Education</a></li>
      <li class="nav-item"><a href="#interests" class="nav-link js-scroll-trigger">Interests</a></li>
    </ul>
  </div>
</nav>
`;

exports[`StartNav.vue start.nav.mediaQueries doesn't display pic at media query below 992px (max-width: 992px) 3`] = `
<nav id="sideNav" class="navbar navbar-expand-lg navbar-dark bg-primary fixed-top"><a href="#about" class="navbar-brand js-scroll-trigger"><span class="d-block d-lg-none">Resume</span> <span id="pic" class="d-none d-lg-block"><img src="" alt="profile pic" class="img-fluid img-profile mx-auto mb-2"></span></a> <button type="button" data-toggle="collapse" data-target="#navbarSupportedContent" aria-controls="navbarSupportedContent" aria-expanded="false" aria-label="Toggle navigation" class="navbar-toggler"><span class="navbar-toggler-icon"></span></button>
  <div id="navbarSupportedContent" class="collapse navbar-collapse">
    <ul class="navbar-nav">
      <li class="nav-item"><a href="#about" class="nav-link js-scroll-trigger">About</a></li>
      <li class="nav-item"><a href="#skills" class="nav-link js-scroll-trigger">Skills</a></li>
      <li class="nav-item"><a href="#awards" class="nav-link js-scroll-trigger">Natural Languages</a></li>
      <li class="nav-item"><a href="#experience" class="nav-link js-scroll-trigger">Experience</a></li>
      <li class="nav-item"><a href="#education" class="nav-link js-scroll-trigger">Education</a></li>
      <li class="nav-item"><a href="#interests" class="nav-link js-scroll-trigger">Interests</a></li>
    </ul>
  </div>
</nav>
`;

exports[`StartNav.vue start.nav.mediaQueries doesn't display pic at media query below 992px (min-width: 768px) 1`] = `
<nav id="sideNav" class="navbar navbar-expand-lg navbar-dark bg-primary fixed-top"><a href="#about" class="navbar-brand js-scroll-trigger"><span class="d-block d-lg-none">Resume</span> <span id="pic" class="d-none d-lg-block"><img src="" alt="profile pic" class="img-fluid img-profile mx-auto mb-2"></span></a> <button type="button" data-toggle="collapse" data-target="#navbarSupportedContent" aria-controls="navbarSupportedContent" aria-expanded="false" aria-label="Toggle navigation" class="navbar-toggler"><span class="navbar-toggler-icon"></span></button>
  <div id="navbarSupportedContent" class="collapse navbar-collapse">
    <ul class="navbar-nav">
      <li class="nav-item"><a href="#about" class="nav-link js-scroll-trigger">About</a></li>
      <li class="nav-item"><a href="#skills" class="nav-link js-scroll-trigger">Skills</a></li>
      <li class="nav-item"><a href="#awards" class="nav-link js-scroll-trigger">Natural Languages</a></li>
      <li class="nav-item"><a href="#experience" class="nav-link js-scroll-trigger">Experience</a></li>
      <li class="nav-item"><a href="#education" class="nav-link js-scroll-trigger">Education</a></li>
      <li class="nav-item"><a href="#interests" class="nav-link js-scroll-trigger">Interests</a></li>
    </ul>
  </div>
</nav>
`;

exports[`StartNav.vue start.nav.mediaQueries doesn't display pic at media query below 992px (min-width: 768px) 2`] = `
<nav id="sideNav" class="navbar navbar-expand-lg navbar-dark bg-primary fixed-top"><a href="#about" class="navbar-brand js-scroll-trigger"><span class="d-block d-lg-none">Resume</span> <span id="pic" class="d-none d-lg-block"><img src="" alt="profile pic" class="img-fluid img-profile mx-auto mb-2"></span></a> <button type="button" data-toggle="collapse" data-target="#navbarSupportedContent" aria-controls="navbarSupportedContent" aria-expanded="false" aria-label="Toggle navigation" class="navbar-toggler"><span class="navbar-toggler-icon"></span></button>
  <div id="navbarSupportedContent" class="collapse navbar-collapse">
    <ul class="navbar-nav">
      <li class="nav-item"><a href="#about" class="nav-link js-scroll-trigger">About</a></li>
      <li class="nav-item"><a href="#skills" class="nav-link js-scroll-trigger">Skills</a></li>
      <li class="nav-item"><a href="#awards" class="nav-link js-scroll-trigger">Natural Languages</a></li>
      <li class="nav-item"><a href="#experience" class="nav-link js-scroll-trigger">Experience</a></li>
      <li class="nav-item"><a href="#education" class="nav-link js-scroll-trigger">Education</a></li>
      <li class="nav-item"><a href="#interests" class="nav-link js-scroll-trigger">Interests</a></li>
    </ul>
  </div>
</nav>
`;

exports[`StartNav.vue start.nav.mediaQueries doesn't display pic at media query below 992px (min-width: 768px) 3`] = `
<nav id="sideNav" class="navbar navbar-expand-lg navbar-dark bg-primary fixed-top"><a href="#about" class="navbar-brand js-scroll-trigger"><span class="d-block d-lg-none">Resume</span> <span id="pic" class="d-none d-lg-block"><img src="" alt="profile pic" class="img-fluid img-profile mx-auto mb-2"></span></a> <button type="button" data-toggle="collapse" data-target="#navbarSupportedContent" aria-controls="navbarSupportedContent" aria-expanded="false" aria-label="Toggle navigation" class="navbar-toggler"><span class="navbar-toggler-icon"></span></button>
  <div id="navbarSupportedContent" class="collapse navbar-collapse">
    <ul class="navbar-nav">
      <li class="nav-item"><a href="#about" class="nav-link js-scroll-trigger">About</a></li>
      <li class="nav-item"><a href="#skills" class="nav-link js-scroll-trigger">Skills</a></li>
      <li class="nav-item"><a href="#awards" class="nav-link js-scroll-trigger">Natural Languages</a></li>
      <li class="nav-item"><a href="#experience" class="nav-link js-scroll-trigger">Experience</a></li>
      <li class="nav-item"><a href="#education" class="nav-link js-scroll-trigger">Education</a></li>
      <li class="nav-item"><a href="#interests" class="nav-link js-scroll-trigger">Interests</a></li>
    </ul>
  </div>
</nav>
`;

exports[`StartNav.vue start.nav.mediaQueries doesn't display pic at media query below 992px (min-width: 992px) 1`] = `
<nav id="sideNav" class="navbar navbar-expand-lg navbar-dark bg-primary fixed-top"><a href="#about" class="navbar-brand js-scroll-trigger"><span class="d-block d-lg-none">Resume</span> <span id="pic" class="d-none d-lg-block"><img src="" alt="profile pic" class="img-fluid img-profile mx-auto mb-2"></span></a> <button type="button" data-toggle="collapse" data-target="#navbarSupportedContent" aria-controls="navbarSupportedContent" aria-expanded="false" aria-label="Toggle navigation" class="navbar-toggler"><span class="navbar-toggler-icon"></span></button>
  <div id="navbarSupportedContent" class="collapse navbar-collapse">
    <ul class="navbar-nav">
      <li class="nav-item"><a href="#about" class="nav-link js-scroll-trigger">About</a></li>
      <li class="nav-item"><a href="#skills" class="nav-link js-scroll-trigger">Skills</a></li>
      <li class="nav-item"><a href="#awards" class="nav-link js-scroll-trigger">Natural Languages</a></li>
      <li class="nav-item"><a href="#experience" class="nav-link js-scroll-trigger">Experience</a></li>
      <li class="nav-item"><a href="#education" class="nav-link js-scroll-trigger">Education</a></li>
      <li class="nav-item"><a href="#interests" class="nav-link js-scroll-trigger">Interests</a></li>
    </ul>
  </div>
</nav>
`;

exports[`StartNav.vue start.nav.mediaQueries doesn't display pic at media query below 992px (min-width: 992px) 2`] = `
<nav id="sideNav" class="navbar navbar-expand-lg navbar-dark bg-primary fixed-top"><a href="#about" class="navbar-brand js-scroll-trigger"><span class="d-block d-lg-none">Resume</span> <span id="pic" class="d-none d-lg-block"><img src="" alt="profile pic" class="img-fluid img-profile mx-auto mb-2"></span></a> <button type="button" data-toggle="collapse" data-target="#navbarSupportedContent" aria-controls="navbarSupportedContent" aria-expanded="false" aria-label="Toggle navigation" class="navbar-toggler"><span class="navbar-toggler-icon"></span></button>
  <div id="navbarSupportedContent" class="collapse navbar-collapse">
    <ul class="navbar-nav">
      <li class="nav-item"><a href="#about" class="nav-link js-scroll-trigger">About</a></li>
      <li class="nav-item"><a href="#skills" class="nav-link js-scroll-trigger">Skills</a></li>
      <li class="nav-item"><a href="#awards" class="nav-link js-scroll-trigger">Natural Languages</a></li>
      <li class="nav-item"><a href="#experience" class="nav-link js-scroll-trigger">Experience</a></li>
      <li class="nav-item"><a href="#education" class="nav-link js-scroll-trigger">Education</a></li>
      <li class="nav-item"><a href="#interests" class="nav-link js-scroll-trigger">Interests</a></li>
    </ul>
  </div>
</nav>
`;

exports[`StartNav.vue start.nav.mediaQueries doesn't display pic at media query below 992px (min-width: 992px) 3`] = `
<nav id="sideNav" class="navbar navbar-expand-lg navbar-dark bg-primary fixed-top"><a href="#about" class="navbar-brand js-scroll-trigger"><span class="d-block d-lg-none">Resume</span> <span id="pic" class="d-none d-lg-block"><img src="" alt="profile pic" class="img-fluid img-profile mx-auto mb-2"></span></a> <button type="button" data-toggle="collapse" data-target="#navbarSupportedContent" aria-controls="navbarSupportedContent" aria-expanded="false" aria-label="Toggle navigation" class="navbar-toggler"><span class="navbar-toggler-icon"></span></button>
  <div id="navbarSupportedContent" class="collapse navbar-collapse">
    <ul class="navbar-nav">
      <li class="nav-item"><a href="#about" class="nav-link js-scroll-trigger">About</a></li>
      <li class="nav-item"><a href="#skills" class="nav-link js-scroll-trigger">Skills</a></li>
      <li class="nav-item"><a href="#awards" class="nav-link js-scroll-trigger">Natural Languages</a></li>
      <li class="nav-item"><a href="#experience" class="nav-link js-scroll-trigger">Experience</a></li>
      <li class="nav-item"><a href="#education" class="nav-link js-scroll-trigger">Education</a></li>
      <li class="nav-item"><a href="#interests" class="nav-link js-scroll-trigger">Interests</a></li>
    </ul>
  </div>
</nav>
`;

exports[`StartNav.vue startnav.collapsed matches snapshot 1`] = `
<nav id="sideNav" class="navbar navbar-expand-lg navbar-dark bg-primary fixed-top"><a href="#about" class="navbar-brand js-scroll-trigger"><span class="d-block d-lg-none">Resume</span> <span id="pic" class="d-none d-lg-block"><img src="" alt="profile pic" class="img-fluid img-profile mx-auto mb-2"></span></a> <button type="button" data-toggle="collapse" data-target="#navbarSupportedContent" aria-controls="navbarSupportedContent" aria-expanded="false" aria-label="Toggle navigation" class="navbar-toggler"><span class="navbar-toggler-icon"></span></button>
  <div id="navbarSupportedContent" class="collapse navbar-collapse">
    <ul class="navbar-nav">
      <li class="nav-item"><a href="#about" class="nav-link js-scroll-trigger">About</a></li>
      <li class="nav-item"><a href="#skills" class="nav-link js-scroll-trigger">Skills</a></li>
      <li class="nav-item"><a href="#awards" class="nav-link js-scroll-trigger">Natural Languages</a></li>
      <li class="nav-item"><a href="#experience" class="nav-link js-scroll-trigger">Experience</a></li>
      <li class="nav-item"><a href="#education" class="nav-link js-scroll-trigger">Education</a></li>
      <li class="nav-item"><a href="#interests" class="nav-link js-scroll-trigger">Interests</a></li>
    </ul>
  </div>
</nav>
`;
