// Jest Snapshot v1, https://goo.gl/fbAQLP

exports[`PDFSkills.vue element and class checks matches snapshot 1`] = `
<section id="skills" class="resume-section mt-2 ml-0">
  <div class="my-auto">
    <h4 class="heading heading-4 subheading mb-4 mb-md-3 ml-4" style="font-family: 'Saira Extra Condensed';">
      Programming Languages &amp; Tools
    </h4>
    <div id="skill-grid-container" class="d-flex flex-column flex-md-row justify-content-between mt-2 mx-5 px-0">
      <div class="skill-grid">
        <div class="list-devicons devicon-row d-flex justify-content-around my-0">
          <div><i class="devicons devicons-dotnet"></i>
            <!---->
          </div>
        </div>
        <div class="skill-type d-flex flex-row align-items-center justify-content-around my-2 my-md-0">
          <div>
            <div class="pdf-skill-type" style="font-family: 'Open Sans';">Dotnet</div>
          </div>
        </div>
        <hr style="border-width: 0.0625rem; margin: 0.5rem;" class="d-none d-md-block my-3 my-md-2">
        <div class="skill-list-container d-flex flex-column mb-4 mb-md-2">
          <div class="skill-list d-flex flex-column mx-2 mb-2">
            <div class="skill-pill-container d-flex justify-content-around"><span></span> <span class="skill badge badge-pill" style="font-family: 'Open Sans';">
                  Framework 4.x
                </span> <span></span></div>
          </div>
          <div class="skill-list d-flex flex-column mx-2 mb-2">
            <div class="skill-pill-container d-flex justify-content-around"><span></span> <span class="skill badge badge-pill" style="font-family: 'Open Sans';">
                   Core
                </span> <span></span></div>
          </div>
          <div class="skill-list d-flex flex-column mx-2 mb-2">
            <div class="skill-pill-container d-flex justify-content-around"><span></span> <span class="skill badge badge-pill" style="font-family: 'Open Sans';">
                   Entity Framework
                </span> <span></span></div>
          </div>
          <div class="skill-list d-flex flex-column mx-2 mb-2">
            <div class="skill-pill-container d-flex justify-content-around"><span></span> <span class="skill badge badge-pill" style="font-family: 'Open Sans';">
                   Razor
                </span> <span></span></div>
          </div>
          <div class="skill-list d-flex flex-column mx-2 mb-2">
            <div class="skill-pill-container d-flex justify-content-around"><span></span> <span class="skill badge badge-pill" style="font-family: 'Open Sans';">
                   MVC
                </span> <span></span></div>
          </div>
        </div>
        <hr style="border-width: 0.0625rem; margin: 6.25rem;" class="d-md-none d-block my-3 my-md-2">
      </div>
      <div class="skill-grid">
        <div class="list-devicons devicon-row d-flex justify-content-around my-0">
          <div><i class="devicons devicons-javascript"></i>
            <!---->
          </div>
          <div><i class=""></i>
            <!---->
          </div>
          <div><i class=""></i>
            <!---->
          </div>
        </div>
        <div class="skill-type d-flex flex-row align-items-center justify-content-around my-2 my-md-0">
          <div>
            <div class="pdf-skill-type" style="font-family: 'Open Sans';">Javascript</div>
          </div>
        </div>
        <hr style="border-width: 0.0625rem; margin: 0.5rem;" class="d-none d-md-block my-3 my-md-2">
        <div class="skill-list-container d-flex flex-column mb-4 mb-md-2">
          <div class="skill-list d-flex flex-column mx-2 mb-2">
            <div class="skill-pill-container d-flex justify-content-around"><span></span> <span class="skill badge badge-pill" style="font-family: 'Open Sans';">
                  Vue
                </span> <span></span></div>
          </div>
          <div class="skill-list d-flex flex-column mx-2 mb-2">
            <div class="skill-pill-container d-flex justify-content-around"><span></span> <span class="skill badge badge-pill" style="font-family: 'Open Sans';">
                   Typescript
                </span> <span></span></div>
          </div>
          <div class="skill-list d-flex flex-column mx-2 mb-2">
            <div class="skill-pill-container d-flex justify-content-around"><span></span> <span class="skill badge badge-pill" style="font-family: 'Open Sans';">
                   Leafly
                </span> <span></span></div>
          </div>
          <div class="skill-list d-flex flex-column mx-2 mb-2">
            <div class="skill-pill-container d-flex justify-content-around"><span></span> <span class="skill badge badge-pill" style="font-family: 'Open Sans';">
                   Plotly
                </span> <span></span></div>
          </div>
          <div class="skill-list d-flex flex-column mx-2 mb-2">
            <div class="skill-pill-container d-flex justify-content-around"><span></span> <span class="skill badge badge-pill" style="font-family: 'Open Sans';">
                   c3
                </span> <span></span></div>
          </div>
        </div>
        <hr style="border-width: 0.0625rem; margin: 6.25rem;" class="d-md-none d-block my-3 my-md-2">
      </div>
      <div class="skill-grid">
        <div class="list-devicons devicon-row d-flex justify-content-around my-0">
          <div><i class="devicons devicons-python"></i>
            <!---->
          </div>
        </div>
        <div class="skill-type d-flex flex-row align-items-center justify-content-around my-2 my-md-0">
          <div>
            <div class="pdf-skill-type" style="font-family: 'Open Sans';">Python</div>
          </div>
        </div>
        <hr style="border-width: 0.0625rem; margin: 0.5rem;" class="d-none d-md-block my-3 my-md-2">
        <div class="skill-list-container d-flex flex-column mb-4 mb-md-2">
          <div class="skill-list d-flex flex-column mx-2 mb-2">
            <div class="skill-pill-container d-flex justify-content-around"><span></span> <span class="skill badge badge-pill" style="font-family: 'Open Sans';">
                  Pandas
                </span> <span></span></div>
          </div>
          <div class="skill-list d-flex flex-column mx-2 mb-2">
            <div class="skill-pill-container d-flex justify-content-around"><span></span> <span class="skill badge badge-pill" style="font-family: 'Open Sans';">
                   Matplotlib
                </span> <span></span></div>
          </div>
          <div class="skill-list d-flex flex-column mx-2 mb-2">
            <div class="skill-pill-container d-flex justify-content-around"><span></span> <span class="skill badge badge-pill" style="font-family: 'Open Sans';">
                   Flask
                </span> <span></span></div>
          </div>
          <div class="skill-list d-flex flex-column mx-2 mb-2">
            <div class="skill-pill-container d-flex justify-content-around"><span></span> <span class="skill badge badge-pill" style="font-family: 'Open Sans';">
                   Selenium
                </span> <span></span></div>
          </div>
          <div class="skill-list d-flex flex-column mx-2 mb-2">
            <div class="skill-pill-container d-flex justify-content-around"><span></span> <span class="skill badge badge-pill" style="font-family: 'Open Sans';">
                   Sklearn
                </span> <span></span></div>
          </div>
        </div>
        <hr style="border-width: 0.0625rem; margin: 6.25rem;" class="d-md-none d-block my-3 my-md-2">
      </div>
      <div class="skill-grid">
        <div class="list-devicons devicon-row d-flex justify-content-around my-0">
          <div><i class="devicons devicons-msql_server"></i>
            <!---->
          </div>
          <div><i class="devicons devicons-mysql"></i>
            <!---->
          </div>
          <div><i class="devicons devicons-sqllite"></i>
            <!---->
          </div>
        </div>
        <div class="skill-type d-flex flex-row align-items-center justify-content-around my-2 my-md-0">
          <div>
            <div class="pdf-skill-type" style="font-family: 'Open Sans';">Relational Db</div>
          </div>
        </div>
        <hr style="border-width: 0.0625rem; margin: 0.5rem;" class="d-none d-md-block my-3 my-md-2">
        <div class="skill-list-container d-flex flex-column mb-4 mb-md-2">
          <div class="skill-list d-flex flex-column mx-2 mb-2">
            <div class="skill-pill-container d-flex justify-content-around"><span></span> <span class="skill badge badge-pill" style="font-family: 'Open Sans';">
                  msSQL
                </span> <span></span></div>
          </div>
          <div class="skill-list d-flex flex-column mx-2 mb-2">
            <div class="skill-pill-container d-flex justify-content-around"><span></span> <span class="skill badge badge-pill" style="font-family: 'Open Sans';">
                   mySQL
                </span> <span></span></div>
          </div>
          <div class="skill-list d-flex flex-column mx-2 mb-2">
            <div class="skill-pill-container d-flex justify-content-around"><span></span> <span class="skill badge badge-pill" style="font-family: 'Open Sans';">
                   Entity Framework
                </span> <span></span></div>
          </div>
          <div class="skill-list d-flex flex-column mx-2 mb-2">
            <div class="skill-pill-container d-flex justify-content-around"><span></span> <span class="skill badge badge-pill" style="font-family: 'Open Sans';">
                   SQLAlchemy
                </span> <span></span></div>
          </div>
        </div>
        <hr style="border-width: 0.0625rem; margin: 6.25rem;" class="d-md-none d-block my-3 my-md-2">
      </div>
      <div class="skill-grid">
        <div class="list-devicons devicon-row d-flex justify-content-around my-0">
          <div><i class="devicons devicons-mongodb"></i>
            <!---->
          </div>
        </div>
        <div class="skill-type d-flex flex-row align-items-center justify-content-around my-2 my-md-0">
          <div>
            <div class="pdf-skill-type" style="font-family: 'Open Sans';">Document Db</div>
          </div>
        </div>
        <hr style="border-width: 0.0625rem; margin: 0.5rem;" class="d-none d-md-block my-3 my-md-2">
        <div class="skill-list-container d-flex flex-column mb-4 mb-md-2">
          <div class="skill-list d-flex flex-column mx-2 mb-2">
            <div class="skill-pill-container d-flex justify-content-around"><span></span> <span class="skill badge badge-pill" style="font-family: 'Open Sans';">
                  mongoDB
                </span> <span></span></div>
          </div>
          <div class="skill-list d-flex flex-column mx-2 mb-2">
            <div class="skill-pill-container d-flex justify-content-around"><span></span> <span class="skill badge badge-pill" style="font-family: 'Open Sans';">
                   Pymongo
                </span> <span></span></div>
          </div>
        </div>
        <hr style="border-width: 0.0625rem; margin: 6.25rem;" class="d-md-none d-block my-3 my-md-2">
      </div>
      <div class="skill-grid">
        <div class="list-devicons devicon-row d-flex justify-content-around my-0">
          <div><i class="devicons devicons-html5"></i>
            <!---->
          </div>
          <div><i class="devicons devicons-css3"></i>
            <!---->
          </div>
          <div><i class="devicons devicons-bootstrap"></i>
            <!---->
          </div>
          <div><i class="devicons devicons-sass"></i>
            <!---->
          </div>
        </div>
        <div class="skill-type d-flex flex-row align-items-center justify-content-around my-2 my-md-0">
          <div>
            <div class="pdf-skill-type" style="font-family: 'Open Sans';">Markdown</div>
          </div>
        </div>
        <hr style="border-width: 0.0625rem; margin: 0.5rem;" class="d-none d-md-block my-3 my-md-2">
        <div class="skill-list-container d-flex flex-column mb-4 mb-md-2">
          <div class="skill-list d-flex flex-column mx-2 mb-2">
            <div class="skill-pill-container d-flex justify-content-around"><span></span> <span class="skill badge badge-pill" style="font-family: 'Open Sans';">
                  HTML
                </span> <span></span></div>
          </div>
          <div class="skill-list d-flex flex-column mx-2 mb-2">
            <div class="skill-pill-container d-flex justify-content-around"><span></span> <span class="skill badge badge-pill" style="font-family: 'Open Sans';">
                   CSS
                </span> <span></span></div>
          </div>
          <div class="skill-list d-flex flex-column mx-2 mb-2">
            <div class="skill-pill-container d-flex justify-content-around"><span></span> <span class="skill badge badge-pill" style="font-family: 'Open Sans';">
                   YAML
                </span> <span></span></div>
          </div>
          <div class="skill-list d-flex flex-column mx-2 mb-2">
            <div class="skill-pill-container d-flex justify-content-around"><span></span> <span class="skill badge badge-pill" style="font-family: 'Open Sans';">
                   MD
                </span> <span></span></div>
          </div>
          <div class="skill-list d-flex flex-column mx-2 mb-2">
            <div class="skill-pill-container d-flex justify-content-around"><span></span> <span class="skill badge badge-pill" style="font-family: 'Open Sans';">
                   SCSS
                </span> <span></span></div>
          </div>
        </div>
        <hr style="border-width: 0.0625rem; margin: 6.25rem;" class="d-md-none d-block my-3 my-md-2">
      </div>
      <div class="skill-grid">
        <div class="list-devicons devicon-row d-flex justify-content-around my-0">
          <div><i class=""></i>
            <!---->
          </div>
          <div><i class=""></i>
            <!---->
          </div>
        </div>
        <div class="skill-type d-flex flex-row align-items-center justify-content-around my-2 my-md-0">
          <div>
            <div class="pdf-skill-type" style="font-family: 'Open Sans';">Data Visualization</div>
          </div>
        </div>
        <hr style="border-width: 0.0625rem; margin: 0.5rem;" class="d-none d-md-block my-3 my-md-2">
        <div class="skill-list-container d-flex flex-column mb-4 mb-md-2">
          <div class="skill-list d-flex flex-column mx-2 mb-2">
            <div class="skill-pill-container d-flex justify-content-around"><span></span> <span class="skill badge badge-pill" style="font-family: 'Open Sans';">
                  D3
                </span> <span></span></div>
          </div>
          <div class="skill-list d-flex flex-column mx-2 mb-2">
            <div class="skill-pill-container d-flex justify-content-around"><span></span> <span class="skill badge badge-pill" style="font-family: 'Open Sans';">
                   Tableau
                </span> <span></span></div>
          </div>
        </div>
        <hr style="border-width: 0.0625rem; margin: 6.25rem;" class="d-md-none d-block my-3 my-md-2">
      </div>
      <div class="skill-grid">
        <div class="list-devicons devicon-row d-flex justify-content-around my-0">
          <div><i class="devicons devicons-visualstudio"></i>
            <!---->
          </div>
          <div><i class="devicons devicons-git"></i>
            <!---->
          </div>
          <div><i class="fa fa-cogs"></i>
            <!---->
          </div>
          <div><i class="devicons devicons-linux"></i>
            <!---->
          </div>
        </div>
        <div class="skill-type d-flex flex-row align-items-center justify-content-around my-2 my-md-0">
          <div>
            <div class="pdf-skill-type" style="font-family: 'Open Sans';">Workflow</div>
          </div>
        </div>
        <hr style="border-width: 0.0625rem; margin: 0.5rem;" class="d-none d-md-block my-3 my-md-2">
        <div class="skill-list-container d-flex flex-column mb-4 mb-md-2">
          <div class="skill-list d-flex flex-column mx-2 mb-2">
            <div class="skill-pill-container d-flex justify-content-around"><span></span> <span class="skill badge badge-pill" style="font-family: 'Open Sans';">
                  Mobile-First &amp; Responsive Design
                </span> <span></span></div>
          </div>
          <div class="skill-list d-flex flex-column mx-2 mb-2">
            <div class="skill-pill-container d-flex justify-content-around"><span></span> <span class="skill badge badge-pill" style="font-family: 'Open Sans';">
                   Cross Browser Testing &amp; Debugging
                </span> <span></span></div>
          </div>
          <div class="skill-list d-flex flex-column mx-2 mb-2">
            <div class="skill-pill-container d-flex justify-content-around"><span></span> <span class="skill badge badge-pill" style="font-family: 'Open Sans';">
                   Agile Development &amp; Scrum
                </span> <span></span></div>
          </div>
        </div>
        <hr style="border-width: 0.0625rem; margin: 6.25rem;" class="d-md-none d-block my-3 my-md-2">
      </div>
      <div class="skill-grid">
        <div class="list-devicons devicon-row d-flex justify-content-around my-0">
          <div><i class="devicons devicons-docker"></i>
            <!---->
          </div>
          <div><i class=""></i>
            <!---->
          </div>
          <div><i class="devicons devicons-aws"></i>
            <!---->
          </div>
          <div><i class=""></i>
            <!---->
          </div>
          <div><i class="devicons devicons-go"></i>
            <!---->
          </div>
          <div><i class=""></i>
            <!---->
          </div>
          <div><i class=""></i>
            <!---->
          </div>
        </div>
        <div class="skill-type d-flex flex-row align-items-center justify-content-around my-2 my-md-0">
          <div>
            <div class="pdf-skill-type" style="font-family: 'Open Sans';">DevOps</div>
          </div>
        </div>
        <hr style="border-width: 0.0625rem; margin: 0.5rem;" class="d-none d-md-block my-3 my-md-2">
        <div class="skill-list-container d-flex flex-column mb-4 mb-md-2">
          <div class="skill-list d-flex flex-column mx-2 mb-2">
            <div class="skill-pill-container d-flex justify-content-around"><span></span> <span class="skill badge badge-pill" style="font-family: 'Open Sans';">
                  Docker
                </span> <span></span></div>
          </div>
          <div class="skill-list d-flex flex-column mx-2 mb-2">
            <div class="skill-pill-container d-flex justify-content-around"><span></span> <span class="skill badge badge-pill" style="font-family: 'Open Sans';">
                   Azure DevOps CI/CD Build &amp; Release Pipelines
                </span> <span></span></div>
          </div>
          <div class="skill-list d-flex flex-column mx-2 mb-2">
            <div class="skill-pill-container d-flex justify-content-around"><span></span> <span class="skill badge badge-pill" style="font-family: 'Open Sans';">
                   AWS
                </span> <span></span></div>
          </div>
          <div class="skill-list d-flex flex-column mx-2 mb-2">
            <div class="skill-pill-container d-flex justify-content-around"><span></span> <span class="skill badge badge-pill" style="font-family: 'Open Sans';">
                   Azure Resource Manager
                </span> <span></span></div>
          </div>
          <div class="skill-list d-flex flex-column mx-2 mb-2">
            <div class="skill-pill-container d-flex justify-content-around"><span></span> <span class="skill badge badge-pill" style="font-family: 'Open Sans';">
                   Yeoman Templates
                </span> <span></span></div>
          </div>
          <div class="skill-list d-flex flex-column mx-2 mb-2">
            <div class="skill-pill-container d-flex justify-content-around"><span></span> <span class="skill badge badge-pill" style="font-family: 'Open Sans';">
                   Terraform
                </span> <span></span></div>
          </div>
          <div class="skill-list d-flex flex-column mx-2 mb-2">
            <div class="skill-pill-container d-flex justify-content-around"><span></span> <span class="skill badge badge-pill" style="font-family: 'Open Sans';">
                   Terratest
                </span> <span></span></div>
          </div>
          <div class="skill-list d-flex flex-column mx-2 mb-2">
            <div class="skill-pill-container d-flex justify-content-around"><span></span> <span class="skill badge badge-pill" style="font-family: 'Open Sans';">
                   Go
                </span> <span></span></div>
          </div>
          <div class="skill-list d-flex flex-column mx-2 mb-2">
            <div class="skill-pill-container d-flex justify-content-around"><span></span> <span class="skill badge badge-pill" style="font-family: 'Open Sans';">
                   Powershell
                </span> <span></span></div>
          </div>
          <div class="skill-list d-flex flex-column mx-2 mb-2">
            <div class="skill-pill-container d-flex justify-content-around"><span></span> <span class="skill badge badge-pill" style="font-family: 'Open Sans';">
                   Bash
                </span> <span></span></div>
          </div>
        </div>
        <!---->
      </div>
    </div>
  </div>
</section>
`;
