// Jest Snapshot v1, https://goo.gl/fbAQLP

exports[`PDFInterests.vue matches snapshot 1`] = `
<section id="interests" class="resume-section mt-2 ml-3">
  <div class="my-auto">
    <h4 class="heading heading-4 mb-3" style="font-family: 'Saira Extra Condensed';">Interests</h4>
    <p class="mb-0" style="font-family: 'Open Sans';">sample interests</p>
  </div>
</section>
`;
