// Jest Snapshot v1, https://goo.gl/fbAQLP

exports[`PDFModal.vue event emissions matches snapshot 1`] = `
<div class="custom-modal-backdrop">
  <div role="dialog" aria-labelledby="modalTitle" aria-describedby="modalDescription" class="custom-modal">
    <header id="modalTitle" class="custom-modal-header">
      <h4 class="heading heading-4 mr-auto">Save to PDF</h4> <button type="button" aria-label="Close modal" class="btn-ex"><svg aria-hidden="true" focusable="false" data-prefix="fas" data-icon="times" role="img" xmlns="http://www.w3.org/2000/svg" viewBox="0 0 352 512" class="svg-inline--fa fa-times fa-w-11">
          <path fill="currentColor" d="M242.72 256l100.07-100.07c12.28-12.28 12.28-32.19 0-44.48l-22.24-22.24c-12.28-12.28-32.19-12.28-44.48 0L176 189.28 75.93 89.21c-12.28-12.28-32.19-12.28-44.48 0L9.21 111.45c-12.28 12.28-12.28 32.19 0 44.48L109.28 256 9.21 356.07c-12.28 12.28-12.28 32.19 0 44.48l22.24 22.24c12.28 12.28 32.2 12.28 44.48 0L176 322.72l100.07 100.07c12.28 12.28 32.2 12.28 44.48 0l22.24-22.24c12.28-12.28 12.28-32.19 0-44.48L242.72 256z" class=""></path>
        </svg></button>
    </header>
    <section id="modalDescription" class="custom-modal-body">
      <p>
        This does not <em>download</em> a file in the traditional sense where it is retrieved from a data server.
        It is generated fresh by your browser based on a <b>snapshot</b> of this page as you see it.
      </p>
      <p><span class="saveme-text">Save Me!</span> - actual aspect ratio.
      </p>
      <p><span class="pageme-text">Page Me!</span> - A4 format and pagination.
      </p>
    </section>
    <footer class="custom-modal-footer">
      <div class="button-drawer d-flex flex-row justify-content-around">
        <div><button type="button" aria-label="resume to screenshot pdf" class="btn-save">
            Save me!
          </button></div>
        <div><button type="button" aria-label="resume to paginated pdf" class="btn-page">
            Page me!
          </button></div>
        <div><a href="/"><button type="button" aria-label="Close modal" class="btn-close">
              Home Page
            </button></a></div>
      </div>
    </footer>
  </div>
</div>
`;
